All necessary directories have been created or already exist.
Running SSS_STATS.py for day02 ...
Running SSS_STATS.py for day03 ...
Running SSS_STATS.py for day04 ...
Running SSS_STATS.py for day05 ...
Running SSS_STATS.py for day06 ...
Running SSS_STATS.py for day07 ...
Calculating SSS stats for 02...
Opening the dataset...
Calculating the metrics...
Calculating SSS stats for 03...
Opening the dataset...
Calculating the metrics...
Running SSS_STATS.py for day08 ...
Calculating SSS stats for 04...
Opening the dataset...
Calculating the metrics...
Running SSS_STATS.py for day09 ...
Calculating SSS stats for 05...
Opening the dataset...
Calculating the metrics...
Running SSS_STATS.py for day10 ...
Calculating SSS stats for 06...
Opening the dataset...
Calculating the metrics...
Calculating SSS stats for 07...
Opening the dataset...
Calculating the metrics...
Calculating SSS stats for 08...
Opening the dataset...
Calculating the metrics...
Calculating SSS stats for 09...
Opening the dataset...
Calculating the metrics...
Calculating SSS stats for 10...
Opening the dataset...
Calculating the metrics...
