SLURM JOB STARTED: Mon Apr 21 03:00:47 PM CEST 2025
jwb0265.juwels
All necessary directories have been created or already exist.
Starting sss_REF ...
All necessary directories have been created or already exist.
cdo    mergetime: Processed 5280000000 values from 88 variables over 88 timesteps [382.61s 3497MB].
Merged file saved to: /p/scratch/cesmtst/patakchiyousefi1/FORECASTLEAD_CESMTST_SCRATCH/PF/DE05_HRES-RAW/postpro/data/sss_REF_merged.nc
sss_REF finished.
Starting sss_HRES ...
Processing /p/scratch/cesmtst/patakchiyousefi1/FORECASTLEAD_CESMTST_SCRATCH/PF/DE05_HRES-RAW/postpro/data/sss_DE05_ECMWF-HRES_forecast_r1i1p2_FZJ-IBG3-ParFlowCLM380_hgfadapter-d00-v05_1day_2021030312.0012-0228.nc
Processing /p/scratch/cesmtst/patakchiyousefi1/FORECASTLEAD_CESMTST_SCRATCH/PF/DE05_HRES-RAW/postpro/data/sss_DE05_ECMWF-HRES_forecast_r1i1p2_FZJ-IBG3-ParFlowCLM380_hgfadapter-d00-v05_1day_2021030612.0012-0228.nc
Processing /p/scratch/cesmtst/patakchiyousefi1/FORECASTLEAD_CESMTST_SCRATCH/PF/DE05_HRES-RAW/postpro/data/sss_DE05_ECMWF-HRES_forecast_r1i1p2_FZJ-IBG3-ParFlowCLM380_hgfadapter-d00-v05_1day_2021030712.0012-0228.nc
Processing /p/scratch/cesmtst/patakchiyousefi1/FORECASTLEAD_CESMTST_SCRATCH/PF/DE05_HRES-RAW/postpro/data/sss_DE05_ECMWF-HRES_forecast_r1i1p2_FZJ-IBG3-ParFlowCLM380_hgfadapter-d00-v05_1day_2021030812.0012-0228.nc
Processing /p/scratch/cesmtst/patakchiyousefi1/FORECASTLEAD_CESMTST_SCRATCH/PF/DE05_HRES-RAW/postpro/data/sss_DE05_ECMWF-HRES_forecast_r1i1p2_FZJ-IBG3-ParFlowCLM380_hgfadapter-d00-v05_1day_2021030912.0012-0228.nc
Processing /p/scratch/cesmtst/patakchiyousefi1/FORECASTLEAD_CESMTST_SCRATCH/PF/DE05_HRES-RAW/postpro/data/sss_DE05_ECMWF-HRES_forecast_r1i1p2_FZJ-IBG3-ParFlowCLM380_hgfadapter-d00-v05_1day_2021031012.0012-0228.nc
Processing /p/scratch/cesmtst/patakchiyousefi1/FORECASTLEAD_CESMTST_SCRATCH/PF/DE05_HRES-RAW/postpro/data/sss_DE05_ECMWF-HRES_forecast_r1i1p2_FZJ-IBG3-ParFlowCLM380_hgfadapter-d00-v05_1day_2021031112.0012-0228.nc
Processing /p/scratch/cesmtst/patakchiyousefi1/FORECASTLEAD_CESMTST_SCRATCH/PF/DE05_HRES-RAW/postpro/data/sss_DE05_ECMWF-HRES_forecast_r1i1p2_FZJ-IBG3-ParFlowCLM380_hgfadapter-d00-v05_1day_2021032312.0012-0228.nc
Processing /p/scratch/cesmtst/patakchiyousefi1/FORECASTLEAD_CESMTST_SCRATCH/PF/DE05_HRES-RAW/postpro/data/sss_DE05_ECMWF-HRES_forecast_r1i1p2_FZJ-IBG3-ParFlowCLM380_hgfadapter-d00-v05_1day_2021032412.0012-0228.nc
Processing /p/scratch/cesmtst/patakchiyousefi1/FORECASTLEAD_CESMTST_SCRATCH/PF/DE05_HRES-RAW/postpro/data/sss_DE05_ECMWF-HRES_forecast_r1i1p2_FZJ-IBG3-ParFlowCLM380_hgfadapter-d00-v05_1day_2021032512.0012-0228.nc
Processing /p/scratch/cesmtst/patakchiyousefi1/FORECASTLEAD_CESMTST_SCRATCH/PF/DE05_HRES-RAW/postpro/data/sss_DE05_ECMWF-HRES_forecast_r1i1p2_FZJ-IBG3-ParFlowCLM380_hgfadapter-d00-v05_1day_2021032612.0012-0228.nc
Processing /p/scratch/cesmtst/patakchiyousefi1/FORECASTLEAD_CESMTST_SCRATCH/PF/DE05_HRES-RAW/postpro/data/sss_DE05_ECMWF-HRES_forecast_r1i1p2_FZJ-IBG3-ParFlowCLM380_hgfadapter-d00-v05_1day_2021032712.0012-0228.nc
Processing /p/scratch/cesmtst/patakchiyousefi1/FORECASTLEAD_CESMTST_SCRATCH/PF/DE05_HRES-RAW/postpro/data/sss_DE05_ECMWF-HRES_forecast_r1i1p2_FZJ-IBG3-ParFlowCLM380_hgfadapter-d00-v05_1day_2021032812.0012-0228.nc
Processing /p/scratch/cesmtst/patakchiyousefi1/FORECASTLEAD_CESMTST_SCRATCH/PF/DE05_HRES-RAW/postpro/data/sss_DE05_ECMWF-HRES_forecast_r1i1p2_FZJ-IBG3-ParFlowCLM380_hgfadapter-d00-v05_1day_2021032912.0012-0228.nc
Processing /p/scratch/cesmtst/patakchiyousefi1/FORECASTLEAD_CESMTST_SCRATCH/PF/DE05_HRES-RAW/postpro/data/sss_DE05_ECMWF-HRES_forecast_r1i1p2_FZJ-IBG3-ParFlowCLM380_hgfadapter-d00-v05_1day_2021033012.0012-0228.nc
Processing /p/scratch/cesmtst/patakchiyousefi1/FORECASTLEAD_CESMTST_SCRATCH/PF/DE05_HRES-RAW/postpro/data/sss_DE05_ECMWF-HRES_forecast_r1i1p2_FZJ-IBG3-ParFlowCLM380_hgfadapter-d00-v05_1day_2021033112.0012-0228.nc
Processing /p/scratch/cesmtst/patakchiyousefi1/FORECASTLEAD_CESMTST_SCRATCH/PF/DE05_HRES-RAW/postpro/data/sss_DE05_ECMWF-HRES_forecast_r1i1p2_FZJ-IBG3-ParFlowCLM380_hgfadapter-d00-v05_1day_2021040112.0012-0228.nc
Processing /p/scratch/cesmtst/patakchiyousefi1/FORECASTLEAD_CESMTST_SCRATCH/PF/DE05_HRES-RAW/postpro/data/sss_DE05_ECMWF-HRES_forecast_r1i1p2_FZJ-IBG3-ParFlowCLM380_hgfadapter-d00-v05_1day_2021041212.0012-0228.nc
Processing /p/scratch/cesmtst/patakchiyousefi1/FORECASTLEAD_CESMTST_SCRATCH/PF/DE05_HRES-RAW/postpro/data/sss_DE05_ECMWF-HRES_forecast_r1i1p2_FZJ-IBG3-ParFlowCLM380_hgfadapter-d00-v05_1day_2021060312.0012-0228.nc
Processing /p/scratch/cesmtst/patakchiyousefi1/FORECASTLEAD_CESMTST_SCRATCH/PF/DE05_HRES-RAW/postpro/data/sss_DE05_ECMWF-HRES_forecast_r1i1p2_FZJ-IBG3-ParFlowCLM380_hgfadapter-d00-v05_1day_2021061512.0012-0228.nc
Processing /p/scratch/cesmtst/patakchiyousefi1/FORECASTLEAD_CESMTST_SCRATCH/PF/DE05_HRES-RAW/postpro/data/sss_DE05_ECMWF-HRES_forecast_r1i1p2_FZJ-IBG3-ParFlowCLM380_hgfadapter-d00-v05_1day_2021061612.0012-0228.nc
Processing /p/scratch/cesmtst/patakchiyousefi1/FORECASTLEAD_CESMTST_SCRATCH/PF/DE05_HRES-RAW/postpro/data/sss_DE05_ECMWF-HRES_forecast_r1i1p2_FZJ-IBG3-ParFlowCLM380_hgfadapter-d00-v05_1day_2021061712.0012-0228.nc
Processing /p/scratch/cesmtst/patakchiyousefi1/FORECASTLEAD_CESMTST_SCRATCH/PF/DE05_HRES-RAW/postpro/data/sss_DE05_ECMWF-HRES_forecast_r1i1p2_FZJ-IBG3-ParFlowCLM380_hgfadapter-d00-v05_1day_2021061812.0012-0228.nc
Processing /p/scratch/cesmtst/patakchiyousefi1/FORECASTLEAD_CESMTST_SCRATCH/PF/DE05_HRES-RAW/postpro/data/sss_DE05_ECMWF-HRES_forecast_r1i1p2_FZJ-IBG3-ParFlowCLM380_hgfadapter-d00-v05_1day_2021061912.0012-0228.nc
Processing /p/scratch/cesmtst/patakchiyousefi1/FORECASTLEAD_CESMTST_SCRATCH/PF/DE05_HRES-RAW/postpro/data/sss_DE05_ECMWF-HRES_forecast_r1i1p2_FZJ-IBG3-ParFlowCLM380_hgfadapter-d00-v05_1day_2021062012.0012-0228.nc
Processing /p/scratch/cesmtst/patakchiyousefi1/FORECASTLEAD_CESMTST_SCRATCH/PF/DE05_HRES-RAW/postpro/data/sss_DE05_ECMWF-HRES_forecast_r1i1p2_FZJ-IBG3-ParFlowCLM380_hgfadapter-d00-v05_1day_2021062112.0012-0228.nc
Processing /p/scratch/cesmtst/patakchiyousefi1/FORECASTLEAD_CESMTST_SCRATCH/PF/DE05_HRES-RAW/postpro/data/sss_DE05_ECMWF-HRES_forecast_r1i1p2_FZJ-IBG3-ParFlowCLM380_hgfadapter-d00-v05_1day_2021062212.0012-0228.nc
Processing /p/scratch/cesmtst/patakchiyousefi1/FORECASTLEAD_CESMTST_SCRATCH/PF/DE05_HRES-RAW/postpro/data/sss_DE05_ECMWF-HRES_forecast_r1i1p2_FZJ-IBG3-ParFlowCLM380_hgfadapter-d00-v05_1day_2021062312.0012-0228.nc
Processing /p/scratch/cesmtst/patakchiyousefi1/FORECASTLEAD_CESMTST_SCRATCH/PF/DE05_HRES-RAW/postpro/data/sss_DE05_ECMWF-HRES_forecast_r1i1p2_FZJ-IBG3-ParFlowCLM380_hgfadapter-d00-v05_1day_2021062412.0012-0228.nc
Processing /p/scratch/cesmtst/patakchiyousefi1/FORECASTLEAD_CESMTST_SCRATCH/PF/DE05_HRES-RAW/postpro/data/sss_DE05_ECMWF-HRES_forecast_r1i1p2_FZJ-IBG3-ParFlowCLM380_hgfadapter-d00-v05_1day_2021062512.0012-0228.nc
Processing /p/scratch/cesmtst/patakchiyousefi1/FORECASTLEAD_CESMTST_SCRATCH/PF/DE05_HRES-RAW/postpro/data/sss_DE05_ECMWF-HRES_forecast_r1i1p2_FZJ-IBG3-ParFlowCLM380_hgfadapter-d00-v05_1day_2021062612.0012-0228.nc
Processing /p/scratch/cesmtst/patakchiyousefi1/FORECASTLEAD_CESMTST_SCRATCH/PF/DE05_HRES-RAW/postpro/data/sss_DE05_ECMWF-HRES_forecast_r1i1p2_FZJ-IBG3-ParFlowCLM380_hgfadapter-d00-v05_1day_2021062712.0012-0228.nc
Processing /p/scratch/cesmtst/patakchiyousefi1/FORECASTLEAD_CESMTST_SCRATCH/PF/DE05_HRES-RAW/postpro/data/sss_DE05_ECMWF-HRES_forecast_r1i1p2_FZJ-IBG3-ParFlowCLM380_hgfadapter-d00-v05_1day_2021062812.0012-0228.nc
Processing /p/scratch/cesmtst/patakchiyousefi1/FORECASTLEAD_CESMTST_SCRATCH/PF/DE05_HRES-RAW/postpro/data/sss_DE05_ECMWF-HRES_forecast_r1i1p2_FZJ-IBG3-ParFlowCLM380_hgfadapter-d00-v05_1day_2021062912.0012-0228.nc
Processing /p/scratch/cesmtst/patakchiyousefi1/FORECASTLEAD_CESMTST_SCRATCH/PF/DE05_HRES-RAW/postpro/data/sss_DE05_ECMWF-HRES_forecast_r1i1p2_FZJ-IBG3-ParFlowCLM380_hgfadapter-d00-v05_1day_2021063012.0012-0228.nc
Processing /p/scratch/cesmtst/patakchiyousefi1/FORECASTLEAD_CESMTST_SCRATCH/PF/DE05_HRES-RAW/postpro/data/sss_DE05_ECMWF-HRES_forecast_r1i1p2_FZJ-IBG3-ParFlowCLM380_hgfadapter-d00-v05_1day_2021070112.0012-0228.nc
Processing /p/scratch/cesmtst/patakchiyousefi1/FORECASTLEAD_CESMTST_SCRATCH/PF/DE05_HRES-RAW/postpro/data/sss_DE05_ECMWF-HRES_forecast_r1i1p2_FZJ-IBG3-ParFlowCLM380_hgfadapter-d00-v05_1day_2021070212.0012-0228.nc
Processing /p/scratch/cesmtst/patakchiyousefi1/FORECASTLEAD_CESMTST_SCRATCH/PF/DE05_HRES-RAW/postpro/data/sss_DE05_ECMWF-HRES_forecast_r1i1p2_FZJ-IBG3-ParFlowCLM380_hgfadapter-d00-v05_1day_2021070312.0012-0228.nc
Processing /p/scratch/cesmtst/patakchiyousefi1/FORECASTLEAD_CESMTST_SCRATCH/PF/DE05_HRES-RAW/postpro/data/sss_DE05_ECMWF-HRES_forecast_r1i1p2_FZJ-IBG3-ParFlowCLM380_hgfadapter-d00-v05_1day_2021070412.0012-0228.nc
Processing /p/scratch/cesmtst/patakchiyousefi1/FORECASTLEAD_CESMTST_SCRATCH/PF/DE05_HRES-RAW/postpro/data/sss_DE05_ECMWF-HRES_forecast_r1i1p2_FZJ-IBG3-ParFlowCLM380_hgfadapter-d00-v05_1day_2021070512.0012-0228.nc
Processing /p/scratch/cesmtst/patakchiyousefi1/FORECASTLEAD_CESMTST_SCRATCH/PF/DE05_HRES-RAW/postpro/data/sss_DE05_ECMWF-HRES_forecast_r1i1p2_FZJ-IBG3-ParFlowCLM380_hgfadapter-d00-v05_1day_2021070612.0012-0228.nc
Processing /p/scratch/cesmtst/patakchiyousefi1/FORECASTLEAD_CESMTST_SCRATCH/PF/DE05_HRES-RAW/postpro/data/sss_DE05_ECMWF-HRES_forecast_r1i1p2_FZJ-IBG3-ParFlowCLM380_hgfadapter-d00-v05_1day_2021070712.0012-0228.nc
Processing /p/scratch/cesmtst/patakchiyousefi1/FORECASTLEAD_CESMTST_SCRATCH/PF/DE05_HRES-RAW/postpro/data/sss_DE05_ECMWF-HRES_forecast_r1i1p2_FZJ-IBG3-ParFlowCLM380_hgfadapter-d00-v05_1day_2021070812.0012-0228.nc
Processing /p/scratch/cesmtst/patakchiyousefi1/FORECASTLEAD_CESMTST_SCRATCH/PF/DE05_HRES-RAW/postpro/data/sss_DE05_ECMWF-HRES_forecast_r1i1p2_FZJ-IBG3-ParFlowCLM380_hgfadapter-d00-v05_1day_2021070912.0012-0228.nc
Processing /p/scratch/cesmtst/patakchiyousefi1/FORECASTLEAD_CESMTST_SCRATCH/PF/DE05_HRES-RAW/postpro/data/sss_DE05_ECMWF-HRES_forecast_r1i1p2_FZJ-IBG3-ParFlowCLM380_hgfadapter-d00-v05_1day_2021071012.0012-0228.nc
Processing /p/scratch/cesmtst/patakchiyousefi1/FORECASTLEAD_CESMTST_SCRATCH/PF/DE05_HRES-RAW/postpro/data/sss_DE05_ECMWF-HRES_forecast_r1i1p2_FZJ-IBG3-ParFlowCLM380_hgfadapter-d00-v05_1day_2021071112.0012-0228.nc
Processing /p/scratch/cesmtst/patakchiyousefi1/FORECASTLEAD_CESMTST_SCRATCH/PF/DE05_HRES-RAW/postpro/data/sss_DE05_ECMWF-HRES_forecast_r1i1p2_FZJ-IBG3-ParFlowCLM380_hgfadapter-d00-v05_1day_2021071212.0012-0228.nc
Processing /p/scratch/cesmtst/patakchiyousefi1/FORECASTLEAD_CESMTST_SCRATCH/PF/DE05_HRES-RAW/postpro/data/sss_DE05_ECMWF-HRES_forecast_r1i1p2_FZJ-IBG3-ParFlowCLM380_hgfadapter-d00-v05_1day_2021071312.0012-0228.nc
Processing /p/scratch/cesmtst/patakchiyousefi1/FORECASTLEAD_CESMTST_SCRATCH/PF/DE05_HRES-RAW/postpro/data/sss_DE05_ECMWF-HRES_forecast_r1i1p2_FZJ-IBG3-ParFlowCLM380_hgfadapter-d00-v05_1day_2021071412.0012-0228.nc
Processing /p/scratch/cesmtst/patakchiyousefi1/FORECASTLEAD_CESMTST_SCRATCH/PF/DE05_HRES-RAW/postpro/data/sss_DE05_ECMWF-HRES_forecast_r1i1p2_FZJ-IBG3-ParFlowCLM380_hgfadapter-d00-v05_1day_2021071512.0012-0228.nc
Processing /p/scratch/cesmtst/patakchiyousefi1/FORECASTLEAD_CESMTST_SCRATCH/PF/DE05_HRES-RAW/postpro/data/sss_DE05_ECMWF-HRES_forecast_r1i1p2_FZJ-IBG3-ParFlowCLM380_hgfadapter-d00-v05_1day_2021071612.0012-0228.nc
Processing /p/scratch/cesmtst/patakchiyousefi1/FORECASTLEAD_CESMTST_SCRATCH/PF/DE05_HRES-RAW/postpro/data/sss_DE05_ECMWF-HRES_forecast_r1i1p2_FZJ-IBG3-ParFlowCLM380_hgfadapter-d00-v05_1day_2021071712.0012-0228.nc
Processing /p/scratch/cesmtst/patakchiyousefi1/FORECASTLEAD_CESMTST_SCRATCH/PF/DE05_HRES-RAW/postpro/data/sss_DE05_ECMWF-HRES_forecast_r1i1p2_FZJ-IBG3-ParFlowCLM380_hgfadapter-d00-v05_1day_2021071812.0012-0228.nc
Processing /p/scratch/cesmtst/patakchiyousefi1/FORECASTLEAD_CESMTST_SCRATCH/PF/DE05_HRES-RAW/postpro/data/sss_DE05_ECMWF-HRES_forecast_r1i1p2_FZJ-IBG3-ParFlowCLM380_hgfadapter-d00-v05_1day_2021071912.0012-0228.nc
Processing /p/scratch/cesmtst/patakchiyousefi1/FORECASTLEAD_CESMTST_SCRATCH/PF/DE05_HRES-RAW/postpro/data/sss_DE05_ECMWF-HRES_forecast_r1i1p2_FZJ-IBG3-ParFlowCLM380_hgfadapter-d00-v05_1day_2021072012.0012-0228.nc
Processing /p/scratch/cesmtst/patakchiyousefi1/FORECASTLEAD_CESMTST_SCRATCH/PF/DE05_HRES-RAW/postpro/data/sss_DE05_ECMWF-HRES_forecast_r1i1p2_FZJ-IBG3-ParFlowCLM380_hgfadapter-d00-v05_1day_2021072112.0012-0228.nc
Processing /p/scratch/cesmtst/patakchiyousefi1/FORECASTLEAD_CESMTST_SCRATCH/PF/DE05_HRES-RAW/postpro/data/sss_DE05_ECMWF-HRES_forecast_r1i1p2_FZJ-IBG3-ParFlowCLM380_hgfadapter-d00-v05_1day_2021072212.0012-0228.nc
Processing /p/scratch/cesmtst/patakchiyousefi1/FORECASTLEAD_CESMTST_SCRATCH/PF/DE05_HRES-RAW/postpro/data/sss_DE05_ECMWF-HRES_forecast_r1i1p2_FZJ-IBG3-ParFlowCLM380_hgfadapter-d00-v05_1day_2021072312.0012-0228.nc
Processing /p/scratch/cesmtst/patakchiyousefi1/FORECASTLEAD_CESMTST_SCRATCH/PF/DE05_HRES-RAW/postpro/data/sss_DE05_ECMWF-HRES_forecast_r1i1p2_FZJ-IBG3-ParFlowCLM380_hgfadapter-d00-v05_1day_2021072412.0012-0228.nc
Processing /p/scratch/cesmtst/patakchiyousefi1/FORECASTLEAD_CESMTST_SCRATCH/PF/DE05_HRES-RAW/postpro/data/sss_DE05_ECMWF-HRES_forecast_r1i1p2_FZJ-IBG3-ParFlowCLM380_hgfadapter-d00-v05_1day_2021072512.0012-0228.nc
Processing /p/scratch/cesmtst/patakchiyousefi1/FORECASTLEAD_CESMTST_SCRATCH/PF/DE05_HRES-RAW/postpro/data/sss_DE05_ECMWF-HRES_forecast_r1i1p2_FZJ-IBG3-ParFlowCLM380_hgfadapter-d00-v05_1day_2021072612.0012-0228.nc
Processing /p/scratch/cesmtst/patakchiyousefi1/FORECASTLEAD_CESMTST_SCRATCH/PF/DE05_HRES-RAW/postpro/data/sss_DE05_ECMWF-HRES_forecast_r1i1p2_FZJ-IBG3-ParFlowCLM380_hgfadapter-d00-v05_1day_2021072712.0012-0228.nc
Processing /p/scratch/cesmtst/patakchiyousefi1/FORECASTLEAD_CESMTST_SCRATCH/PF/DE05_HRES-RAW/postpro/data/sss_DE05_ECMWF-HRES_forecast_r1i1p2_FZJ-IBG3-ParFlowCLM380_hgfadapter-d00-v05_1day_2021072812.0012-0228.nc
Processing /p/scratch/cesmtst/patakchiyousefi1/FORECASTLEAD_CESMTST_SCRATCH/PF/DE05_HRES-RAW/postpro/data/sss_DE05_ECMWF-HRES_forecast_r1i1p2_FZJ-IBG3-ParFlowCLM380_hgfadapter-d00-v05_1day_2021072912.0012-0228.nc
Processing /p/scratch/cesmtst/patakchiyousefi1/FORECASTLEAD_CESMTST_SCRATCH/PF/DE05_HRES-RAW/postpro/data/sss_DE05_ECMWF-HRES_forecast_r1i1p2_FZJ-IBG3-ParFlowCLM380_hgfadapter-d00-v05_1day_2021073012.0012-0228.nc
Processing /p/scratch/cesmtst/patakchiyousefi1/FORECASTLEAD_CESMTST_SCRATCH/PF/DE05_HRES-RAW/postpro/data/sss_DE05_ECMWF-HRES_forecast_r1i1p2_FZJ-IBG3-ParFlowCLM380_hgfadapter-d00-v05_1day_2021073112.0012-0228.nc
Processing /p/scratch/cesmtst/patakchiyousefi1/FORECASTLEAD_CESMTST_SCRATCH/PF/DE05_HRES-RAW/postpro/data/sss_DE05_ECMWF-HRES_forecast_r1i1p2_FZJ-IBG3-ParFlowCLM380_hgfadapter-d00-v05_1day_2021080112.0012-0228.nc
Processing /p/scratch/cesmtst/patakchiyousefi1/FORECASTLEAD_CESMTST_SCRATCH/PF/DE05_HRES-RAW/postpro/data/sss_DE05_ECMWF-HRES_forecast_r1i1p2_FZJ-IBG3-ParFlowCLM380_hgfadapter-d00-v05_1day_2021080212.0012-0228.nc
Processing /p/scratch/cesmtst/patakchiyousefi1/FORECASTLEAD_CESMTST_SCRATCH/PF/DE05_HRES-RAW/postpro/data/sss_DE05_ECMWF-HRES_forecast_r1i1p2_FZJ-IBG3-ParFlowCLM380_hgfadapter-d00-v05_1day_2021080312.0012-0228.nc
Processing /p/scratch/cesmtst/patakchiyousefi1/FORECASTLEAD_CESMTST_SCRATCH/PF/DE05_HRES-RAW/postpro/data/sss_DE05_ECMWF-HRES_forecast_r1i1p2_FZJ-IBG3-ParFlowCLM380_hgfadapter-d00-v05_1day_2021080412.0012-0228.nc
Processing /p/scratch/cesmtst/patakchiyousefi1/FORECASTLEAD_CESMTST_SCRATCH/PF/DE05_HRES-RAW/postpro/data/sss_DE05_ECMWF-HRES_forecast_r1i1p2_FZJ-IBG3-ParFlowCLM380_hgfadapter-d00-v05_1day_2021080512.0012-0228.nc
Processing /p/scratch/cesmtst/patakchiyousefi1/FORECASTLEAD_CESMTST_SCRATCH/PF/DE05_HRES-RAW/postpro/data/sss_DE05_ECMWF-HRES_forecast_r1i1p2_FZJ-IBG3-ParFlowCLM380_hgfadapter-d00-v05_1day_2021080612.0012-0228.nc
Processing /p/scratch/cesmtst/patakchiyousefi1/FORECASTLEAD_CESMTST_SCRATCH/PF/DE05_HRES-RAW/postpro/data/sss_DE05_ECMWF-HRES_forecast_r1i1p2_FZJ-IBG3-ParFlowCLM380_hgfadapter-d00-v05_1day_2021080712.0012-0228.nc
Processing /p/scratch/cesmtst/patakchiyousefi1/FORECASTLEAD_CESMTST_SCRATCH/PF/DE05_HRES-RAW/postpro/data/sss_DE05_ECMWF-HRES_forecast_r1i1p2_FZJ-IBG3-ParFlowCLM380_hgfadapter-d00-v05_1day_2021080812.0012-0228.nc
Processing /p/scratch/cesmtst/patakchiyousefi1/FORECASTLEAD_CESMTST_SCRATCH/PF/DE05_HRES-RAW/postpro/data/sss_DE05_ECMWF-HRES_forecast_r1i1p2_FZJ-IBG3-ParFlowCLM380_hgfadapter-d00-v05_1day_2021080912.0012-0228.nc
Processing /p/scratch/cesmtst/patakchiyousefi1/FORECASTLEAD_CESMTST_SCRATCH/PF/DE05_HRES-RAW/postpro/data/sss_DE05_ECMWF-HRES_forecast_r1i1p2_FZJ-IBG3-ParFlowCLM380_hgfadapter-d00-v05_1day_2021081012.0012-0228.nc
Processing /p/scratch/cesmtst/patakchiyousefi1/FORECASTLEAD_CESMTST_SCRATCH/PF/DE05_HRES-RAW/postpro/data/sss_DE05_ECMWF-HRES_forecast_r1i1p2_FZJ-IBG3-ParFlowCLM380_hgfadapter-d00-v05_1day_2021081112.0012-0228.nc
Processing /p/scratch/cesmtst/patakchiyousefi1/FORECASTLEAD_CESMTST_SCRATCH/PF/DE05_HRES-RAW/postpro/data/sss_DE05_ECMWF-HRES_forecast_r1i1p2_FZJ-IBG3-ParFlowCLM380_hgfadapter-d00-v05_1day_2021081212.0012-0228.nc
Processing /p/scratch/cesmtst/patakchiyousefi1/FORECASTLEAD_CESMTST_SCRATCH/PF/DE05_HRES-RAW/postpro/data/sss_DE05_ECMWF-HRES_forecast_r1i1p2_FZJ-IBG3-ParFlowCLM380_hgfadapter-d00-v05_1day_2021081312.0012-0228.nc
Processing /p/scratch/cesmtst/patakchiyousefi1/FORECASTLEAD_CESMTST_SCRATCH/PF/DE05_HRES-RAW/postpro/data/sss_DE05_ECMWF-HRES_forecast_r1i1p2_FZJ-IBG3-ParFlowCLM380_hgfadapter-d00-v05_1day_2021081412.0012-0228.nc
Processing /p/scratch/cesmtst/patakchiyousefi1/FORECASTLEAD_CESMTST_SCRATCH/PF/DE05_HRES-RAW/postpro/data/sss_DE05_ECMWF-HRES_forecast_r1i1p2_FZJ-IBG3-ParFlowCLM380_hgfadapter-d00-v05_1day_2021081512.0012-0228.nc
Processing /p/scratch/cesmtst/patakchiyousefi1/FORECASTLEAD_CESMTST_SCRATCH/PF/DE05_HRES-RAW/postpro/data/sss_DE05_ECMWF-HRES_forecast_r1i1p2_FZJ-IBG3-ParFlowCLM380_hgfadapter-d00-v05_1day_2021081612.0012-0228.nc
Processing /p/scratch/cesmtst/patakchiyousefi1/FORECASTLEAD_CESMTST_SCRATCH/PF/DE05_HRES-RAW/postpro/data/sss_DE05_ECMWF-HRES_forecast_r1i1p2_FZJ-IBG3-ParFlowCLM380_hgfadapter-d00-v05_1day_2021081712.0012-0228.nc
Processing /p/scratch/cesmtst/patakchiyousefi1/FORECASTLEAD_CESMTST_SCRATCH/PF/DE05_HRES-RAW/postpro/data/sss_DE05_ECMWF-HRES_forecast_r1i1p2_FZJ-IBG3-ParFlowCLM380_hgfadapter-d00-v05_1day_2021081812.0012-0228.nc
Processing /p/scratch/cesmtst/patakchiyousefi1/FORECASTLEAD_CESMTST_SCRATCH/PF/DE05_HRES-RAW/postpro/data/sss_DE05_ECMWF-HRES_forecast_r1i1p2_FZJ-IBG3-ParFlowCLM380_hgfadapter-d00-v05_1day_2021081912.0012-0228.nc
Processing /p/scratch/cesmtst/patakchiyousefi1/FORECASTLEAD_CESMTST_SCRATCH/PF/DE05_HRES-RAW/postpro/data/sss_DE05_ECMWF-HRES_forecast_r1i1p2_FZJ-IBG3-ParFlowCLM380_hgfadapter-d00-v05_1day_2021082012.0012-0228.nc
Processing /p/scratch/cesmtst/patakchiyousefi1/FORECASTLEAD_CESMTST_SCRATCH/PF/DE05_HRES-RAW/postpro/data/sss_DE05_ECMWF-HRES_forecast_r1i1p2_FZJ-IBG3-ParFlowCLM380_hgfadapter-d00-v05_1day_2021082112.0012-0228.nc
Processing /p/scratch/cesmtst/patakchiyousefi1/FORECASTLEAD_CESMTST_SCRATCH/PF/DE05_HRES-RAW/postpro/data/sss_DE05_ECMWF-HRES_forecast_r1i1p2_FZJ-IBG3-ParFlowCLM380_hgfadapter-d00-v05_1day_2021082212.0012-0228.nc
Processing /p/scratch/cesmtst/patakchiyousefi1/FORECASTLEAD_CESMTST_SCRATCH/PF/DE05_HRES-RAW/postpro/data/sss_DE05_ECMWF-HRES_forecast_r1i1p2_FZJ-IBG3-ParFlowCLM380_hgfadapter-d00-v05_1day_2021082312.0012-0228.nc
Processing /p/scratch/cesmtst/patakchiyousefi1/FORECASTLEAD_CESMTST_SCRATCH/PF/DE05_HRES-RAW/postpro/data/sss_DE05_ECMWF-HRES_forecast_r1i1p2_FZJ-IBG3-ParFlowCLM380_hgfadapter-d00-v05_1day_2021082412.0012-0228.nc
Processing /p/scratch/cesmtst/patakchiyousefi1/FORECASTLEAD_CESMTST_SCRATCH/PF/DE05_HRES-RAW/postpro/data/sss_DE05_ECMWF-HRES_forecast_r1i1p2_FZJ-IBG3-ParFlowCLM380_hgfadapter-d00-v05_1day_2021082512.0012-0228.nc
Processing /p/scratch/cesmtst/patakchiyousefi1/FORECASTLEAD_CESMTST_SCRATCH/PF/DE05_HRES-RAW/postpro/data/sss_DE05_ECMWF-HRES_forecast_r1i1p2_FZJ-IBG3-ParFlowCLM380_hgfadapter-d00-v05_1day_2021082612.0012-0228.nc
Processing /p/scratch/cesmtst/patakchiyousefi1/FORECASTLEAD_CESMTST_SCRATCH/PF/DE05_HRES-RAW/postpro/data/sss_DE05_ECMWF-HRES_forecast_r1i1p2_FZJ-IBG3-ParFlowCLM380_hgfadapter-d00-v05_1day_2021082712.0012-0228.nc
Processing /p/scratch/cesmtst/patakchiyousefi1/FORECASTLEAD_CESMTST_SCRATCH/PF/DE05_HRES-RAW/postpro/data/sss_DE05_ECMWF-HRES_forecast_r1i1p2_FZJ-IBG3-ParFlowCLM380_hgfadapter-d00-v05_1day_2021082812.0012-0228.nc
Processing /p/scratch/cesmtst/patakchiyousefi1/FORECASTLEAD_CESMTST_SCRATCH/PF/DE05_HRES-RAW/postpro/data/sss_DE05_ECMWF-HRES_forecast_r1i1p2_FZJ-IBG3-ParFlowCLM380_hgfadapter-d00-v05_1day_2021082912.0012-0228.nc
Processing /p/scratch/cesmtst/patakchiyousefi1/FORECASTLEAD_CESMTST_SCRATCH/PF/DE05_HRES-RAW/postpro/data/sss_DE05_ECMWF-HRES_forecast_r1i1p2_FZJ-IBG3-ParFlowCLM380_hgfadapter-d00-v05_1day_2021083012.0012-0228.nc
Processing /p/scratch/cesmtst/patakchiyousefi1/FORECASTLEAD_CESMTST_SCRATCH/PF/DE05_HRES-RAW/postpro/data/sss_DE05_ECMWF-HRES_forecast_r1i1p2_FZJ-IBG3-ParFlowCLM380_hgfadapter-d00-v05_1day_2021083112.0012-0228.nc
Processing /p/scratch/cesmtst/patakchiyousefi1/FORECASTLEAD_CESMTST_SCRATCH/PF/DE05_HRES-RAW/postpro/data/sss_DE05_ECMWF-HRES_forecast_r1i1p2_FZJ-IBG3-ParFlowCLM380_hgfadapter-d00-v05_1day_2021090112.0012-0228.nc
Processing /p/scratch/cesmtst/patakchiyousefi1/FORECASTLEAD_CESMTST_SCRATCH/PF/DE05_HRES-RAW/postpro/data/sss_DE05_ECMWF-HRES_forecast_r1i1p2_FZJ-IBG3-ParFlowCLM380_hgfadapter-d00-v05_1day_2021090212.0012-0228.nc
Processing /p/scratch/cesmtst/patakchiyousefi1/FORECASTLEAD_CESMTST_SCRATCH/PF/DE05_HRES-RAW/postpro/data/sss_DE05_ECMWF-HRES_forecast_r1i1p2_FZJ-IBG3-ParFlowCLM380_hgfadapter-d00-v05_1day_2021090312.0012-0228.nc
Saved: /p/scratch/cesmtst/patakchiyousefi1/FORECASTLEAD_CESMTST_SCRATCH/PF/DE05_HRES-RAW/postpro/data/sss_HRES_leadtime_2.nc
Saved: /p/scratch/cesmtst/patakchiyousefi1/FORECASTLEAD_CESMTST_SCRATCH/PF/DE05_HRES-RAW/postpro/data/sss_HRES_leadtime_3.nc
Saved: /p/scratch/cesmtst/patakchiyousefi1/FORECASTLEAD_CESMTST_SCRATCH/PF/DE05_HRES-RAW/postpro/data/sss_HRES_leadtime_4.nc
Saved: /p/scratch/cesmtst/patakchiyousefi1/FORECASTLEAD_CESMTST_SCRATCH/PF/DE05_HRES-RAW/postpro/data/sss_HRES_leadtime_5.nc
Saved: /p/scratch/cesmtst/patakchiyousefi1/FORECASTLEAD_CESMTST_SCRATCH/PF/DE05_HRES-RAW/postpro/data/sss_HRES_leadtime_6.nc
Saved: /p/scratch/cesmtst/patakchiyousefi1/FORECASTLEAD_CESMTST_SCRATCH/PF/DE05_HRES-RAW/postpro/data/sss_HRES_leadtime_7.nc
Saved: /p/scratch/cesmtst/patakchiyousefi1/FORECASTLEAD_CESMTST_SCRATCH/PF/DE05_HRES-RAW/postpro/data/sss_HRES_leadtime_8.nc
Saved: /p/scratch/cesmtst/patakchiyousefi1/FORECASTLEAD_CESMTST_SCRATCH/PF/DE05_HRES-RAW/postpro/data/sss_HRES_leadtime_9.nc
Saved: /p/scratch/cesmtst/patakchiyousefi1/FORECASTLEAD_CESMTST_SCRATCH/PF/DE05_HRES-RAW/postpro/data/sss_HRES_leadtime_10.nc
Processing /p/scratch/cesmtst/patakchiyousefi1/FORECASTLEAD_CESMTST_SCRATCH/PF/DE05_HRES-COR/postpro/data/sss_DE05_ECMWF-HRES_forecast_r1i1p2_FZJ-IBG3-ParFlowCLM380_hgfadapter-d00-v05_1day_2021042812.0012-0228.nc
Processing /p/scratch/cesmtst/patakchiyousefi1/FORECASTLEAD_CESMTST_SCRATCH/PF/DE05_HRES-COR/postpro/data/sss_DE05_ECMWF-HRES_forecast_r1i1p2_FZJ-IBG3-ParFlowCLM380_hgfadapter-d00-v05_1day_2021050712.0012-0228.nc
Processing /p/scratch/cesmtst/patakchiyousefi1/FORECASTLEAD_CESMTST_SCRATCH/PF/DE05_HRES-COR/postpro/data/sss_DE05_ECMWF-HRES_forecast_r1i1p2_FZJ-IBG3-ParFlowCLM380_hgfadapter-d00-v05_1day_2021050812.0012-0228.nc
Processing /p/scratch/cesmtst/patakchiyousefi1/FORECASTLEAD_CESMTST_SCRATCH/PF/DE05_HRES-COR/postpro/data/sss_DE05_ECMWF-HRES_forecast_r1i1p2_FZJ-IBG3-ParFlowCLM380_hgfadapter-d00-v05_1day_2021050912.0012-0228.nc
Processing /p/scratch/cesmtst/patakchiyousefi1/FORECASTLEAD_CESMTST_SCRATCH/PF/DE05_HRES-COR/postpro/data/sss_DE05_ECMWF-HRES_forecast_r1i1p2_FZJ-IBG3-ParFlowCLM380_hgfadapter-d00-v05_1day_2021051012.0012-0228.nc
Processing /p/scratch/cesmtst/patakchiyousefi1/FORECASTLEAD_CESMTST_SCRATCH/PF/DE05_HRES-COR/postpro/data/sss_DE05_ECMWF-HRES_forecast_r1i1p2_FZJ-IBG3-ParFlowCLM380_hgfadapter-d00-v05_1day_2021062312.0012-0228.nc
Processing /p/scratch/cesmtst/patakchiyousefi1/FORECASTLEAD_CESMTST_SCRATCH/PF/DE05_HRES-COR/postpro/data/sss_DE05_ECMWF-HRES_forecast_r1i1p2_FZJ-IBG3-ParFlowCLM380_hgfadapter-d00-v05_1day_2021062412.0012-0228.nc
Processing /p/scratch/cesmtst/patakchiyousefi1/FORECASTLEAD_CESMTST_SCRATCH/PF/DE05_HRES-COR/postpro/data/sss_DE05_ECMWF-HRES_forecast_r1i1p2_FZJ-IBG3-ParFlowCLM380_hgfadapter-d00-v05_1day_2021062512.0012-0228.nc
Processing /p/scratch/cesmtst/patakchiyousefi1/FORECASTLEAD_CESMTST_SCRATCH/PF/DE05_HRES-COR/postpro/data/sss_DE05_ECMWF-HRES_forecast_r1i1p2_FZJ-IBG3-ParFlowCLM380_hgfadapter-d00-v05_1day_2021062612.0012-0228.nc
Processing /p/scratch/cesmtst/patakchiyousefi1/FORECASTLEAD_CESMTST_SCRATCH/PF/DE05_HRES-COR/postpro/data/sss_DE05_ECMWF-HRES_forecast_r1i1p2_FZJ-IBG3-ParFlowCLM380_hgfadapter-d00-v05_1day_2021062712.0012-0228.nc
Processing /p/scratch/cesmtst/patakchiyousefi1/FORECASTLEAD_CESMTST_SCRATCH/PF/DE05_HRES-COR/postpro/data/sss_DE05_ECMWF-HRES_forecast_r1i1p2_FZJ-IBG3-ParFlowCLM380_hgfadapter-d00-v05_1day_2021062812.0012-0228.nc
Processing /p/scratch/cesmtst/patakchiyousefi1/FORECASTLEAD_CESMTST_SCRATCH/PF/DE05_HRES-COR/postpro/data/sss_DE05_ECMWF-HRES_forecast_r1i1p2_FZJ-IBG3-ParFlowCLM380_hgfadapter-d00-v05_1day_2021062912.0012-0228.nc
Processing /p/scratch/cesmtst/patakchiyousefi1/FORECASTLEAD_CESMTST_SCRATCH/PF/DE05_HRES-COR/postpro/data/sss_DE05_ECMWF-HRES_forecast_r1i1p2_FZJ-IBG3-ParFlowCLM380_hgfadapter-d00-v05_1day_2021063012.0012-0228.nc
Processing /p/scratch/cesmtst/patakchiyousefi1/FORECASTLEAD_CESMTST_SCRATCH/PF/DE05_HRES-COR/postpro/data/sss_DE05_ECMWF-HRES_forecast_r1i1p2_FZJ-IBG3-ParFlowCLM380_hgfadapter-d00-v05_1day_2021070112.0012-0228.nc
Processing /p/scratch/cesmtst/patakchiyousefi1/FORECASTLEAD_CESMTST_SCRATCH/PF/DE05_HRES-COR/postpro/data/sss_DE05_ECMWF-HRES_forecast_r1i1p2_FZJ-IBG3-ParFlowCLM380_hgfadapter-d00-v05_1day_2021070212.0012-0228.nc
Processing /p/scratch/cesmtst/patakchiyousefi1/FORECASTLEAD_CESMTST_SCRATCH/PF/DE05_HRES-COR/postpro/data/sss_DE05_ECMWF-HRES_forecast_r1i1p2_FZJ-IBG3-ParFlowCLM380_hgfadapter-d00-v05_1day_2021070312.0012-0228.nc
Processing /p/scratch/cesmtst/patakchiyousefi1/FORECASTLEAD_CESMTST_SCRATCH/PF/DE05_HRES-COR/postpro/data/sss_DE05_ECMWF-HRES_forecast_r1i1p2_FZJ-IBG3-ParFlowCLM380_hgfadapter-d00-v05_1day_2021070412.0012-0228.nc
Processing /p/scratch/cesmtst/patakchiyousefi1/FORECASTLEAD_CESMTST_SCRATCH/PF/DE05_HRES-COR/postpro/data/sss_DE05_ECMWF-HRES_forecast_r1i1p2_FZJ-IBG3-ParFlowCLM380_hgfadapter-d00-v05_1day_2021070512.0012-0228.nc
Processing /p/scratch/cesmtst/patakchiyousefi1/FORECASTLEAD_CESMTST_SCRATCH/PF/DE05_HRES-COR/postpro/data/sss_DE05_ECMWF-HRES_forecast_r1i1p2_FZJ-IBG3-ParFlowCLM380_hgfadapter-d00-v05_1day_2021070612.0012-0228.nc
Processing /p/scratch/cesmtst/patakchiyousefi1/FORECASTLEAD_CESMTST_SCRATCH/PF/DE05_HRES-COR/postpro/data/sss_DE05_ECMWF-HRES_forecast_r1i1p2_FZJ-IBG3-ParFlowCLM380_hgfadapter-d00-v05_1day_2021070712.0012-0228.nc
Processing /p/scratch/cesmtst/patakchiyousefi1/FORECASTLEAD_CESMTST_SCRATCH/PF/DE05_HRES-COR/postpro/data/sss_DE05_ECMWF-HRES_forecast_r1i1p2_FZJ-IBG3-ParFlowCLM380_hgfadapter-d00-v05_1day_2021070812.0012-0228.nc
Processing /p/scratch/cesmtst/patakchiyousefi1/FORECASTLEAD_CESMTST_SCRATCH/PF/DE05_HRES-COR/postpro/data/sss_DE05_ECMWF-HRES_forecast_r1i1p2_FZJ-IBG3-ParFlowCLM380_hgfadapter-d00-v05_1day_2021070912.0012-0228.nc
Processing /p/scratch/cesmtst/patakchiyousefi1/FORECASTLEAD_CESMTST_SCRATCH/PF/DE05_HRES-COR/postpro/data/sss_DE05_ECMWF-HRES_forecast_r1i1p2_FZJ-IBG3-ParFlowCLM380_hgfadapter-d00-v05_1day_2021071012.0012-0228.nc
Processing /p/scratch/cesmtst/patakchiyousefi1/FORECASTLEAD_CESMTST_SCRATCH/PF/DE05_HRES-COR/postpro/data/sss_DE05_ECMWF-HRES_forecast_r1i1p2_FZJ-IBG3-ParFlowCLM380_hgfadapter-d00-v05_1day_2021071112.0012-0228.nc
Processing /p/scratch/cesmtst/patakchiyousefi1/FORECASTLEAD_CESMTST_SCRATCH/PF/DE05_HRES-COR/postpro/data/sss_DE05_ECMWF-HRES_forecast_r1i1p2_FZJ-IBG3-ParFlowCLM380_hgfadapter-d00-v05_1day_2021071212.0012-0228.nc
Processing /p/scratch/cesmtst/patakchiyousefi1/FORECASTLEAD_CESMTST_SCRATCH/PF/DE05_HRES-COR/postpro/data/sss_DE05_ECMWF-HRES_forecast_r1i1p2_FZJ-IBG3-ParFlowCLM380_hgfadapter-d00-v05_1day_2021071312.0012-0228.nc
Processing /p/scratch/cesmtst/patakchiyousefi1/FORECASTLEAD_CESMTST_SCRATCH/PF/DE05_HRES-COR/postpro/data/sss_DE05_ECMWF-HRES_forecast_r1i1p2_FZJ-IBG3-ParFlowCLM380_hgfadapter-d00-v05_1day_2021071412.0012-0228.nc
Processing /p/scratch/cesmtst/patakchiyousefi1/FORECASTLEAD_CESMTST_SCRATCH/PF/DE05_HRES-COR/postpro/data/sss_DE05_ECMWF-HRES_forecast_r1i1p2_FZJ-IBG3-ParFlowCLM380_hgfadapter-d00-v05_1day_2021071512.0012-0228.nc
Processing /p/scratch/cesmtst/patakchiyousefi1/FORECASTLEAD_CESMTST_SCRATCH/PF/DE05_HRES-COR/postpro/data/sss_DE05_ECMWF-HRES_forecast_r1i1p2_FZJ-IBG3-ParFlowCLM380_hgfadapter-d00-v05_1day_2021071612.0012-0228.nc
Processing /p/scratch/cesmtst/patakchiyousefi1/FORECASTLEAD_CESMTST_SCRATCH/PF/DE05_HRES-COR/postpro/data/sss_DE05_ECMWF-HRES_forecast_r1i1p2_FZJ-IBG3-ParFlowCLM380_hgfadapter-d00-v05_1day_2021071712.0012-0228.nc
Processing /p/scratch/cesmtst/patakchiyousefi1/FORECASTLEAD_CESMTST_SCRATCH/PF/DE05_HRES-COR/postpro/data/sss_DE05_ECMWF-HRES_forecast_r1i1p2_FZJ-IBG3-ParFlowCLM380_hgfadapter-d00-v05_1day_2021071812.0012-0228.nc
Processing /p/scratch/cesmtst/patakchiyousefi1/FORECASTLEAD_CESMTST_SCRATCH/PF/DE05_HRES-COR/postpro/data/sss_DE05_ECMWF-HRES_forecast_r1i1p2_FZJ-IBG3-ParFlowCLM380_hgfadapter-d00-v05_1day_2021071912.0012-0228.nc
Processing /p/scratch/cesmtst/patakchiyousefi1/FORECASTLEAD_CESMTST_SCRATCH/PF/DE05_HRES-COR/postpro/data/sss_DE05_ECMWF-HRES_forecast_r1i1p2_FZJ-IBG3-ParFlowCLM380_hgfadapter-d00-v05_1day_2021072012.0012-0228.nc
Processing /p/scratch/cesmtst/patakchiyousefi1/FORECASTLEAD_CESMTST_SCRATCH/PF/DE05_HRES-COR/postpro/data/sss_DE05_ECMWF-HRES_forecast_r1i1p2_FZJ-IBG3-ParFlowCLM380_hgfadapter-d00-v05_1day_2021072112.0012-0228.nc
Processing /p/scratch/cesmtst/patakchiyousefi1/FORECASTLEAD_CESMTST_SCRATCH/PF/DE05_HRES-COR/postpro/data/sss_DE05_ECMWF-HRES_forecast_r1i1p2_FZJ-IBG3-ParFlowCLM380_hgfadapter-d00-v05_1day_2021072212.0012-0228.nc
Processing /p/scratch/cesmtst/patakchiyousefi1/FORECASTLEAD_CESMTST_SCRATCH/PF/DE05_HRES-COR/postpro/data/sss_DE05_ECMWF-HRES_forecast_r1i1p2_FZJ-IBG3-ParFlowCLM380_hgfadapter-d00-v05_1day_2021072312.0012-0228.nc
Processing /p/scratch/cesmtst/patakchiyousefi1/FORECASTLEAD_CESMTST_SCRATCH/PF/DE05_HRES-COR/postpro/data/sss_DE05_ECMWF-HRES_forecast_r1i1p2_FZJ-IBG3-ParFlowCLM380_hgfadapter-d00-v05_1day_2021072412.0012-0228.nc
Processing /p/scratch/cesmtst/patakchiyousefi1/FORECASTLEAD_CESMTST_SCRATCH/PF/DE05_HRES-COR/postpro/data/sss_DE05_ECMWF-HRES_forecast_r1i1p2_FZJ-IBG3-ParFlowCLM380_hgfadapter-d00-v05_1day_2021072512.0012-0228.nc
Processing /p/scratch/cesmtst/patakchiyousefi1/FORECASTLEAD_CESMTST_SCRATCH/PF/DE05_HRES-COR/postpro/data/sss_DE05_ECMWF-HRES_forecast_r1i1p2_FZJ-IBG3-ParFlowCLM380_hgfadapter-d00-v05_1day_2021072612.0012-0228.nc
Processing /p/scratch/cesmtst/patakchiyousefi1/FORECASTLEAD_CESMTST_SCRATCH/PF/DE05_HRES-COR/postpro/data/sss_DE05_ECMWF-HRES_forecast_r1i1p2_FZJ-IBG3-ParFlowCLM380_hgfadapter-d00-v05_1day_2021072712.0012-0228.nc
Processing /p/scratch/cesmtst/patakchiyousefi1/FORECASTLEAD_CESMTST_SCRATCH/PF/DE05_HRES-COR/postpro/data/sss_DE05_ECMWF-HRES_forecast_r1i1p2_FZJ-IBG3-ParFlowCLM380_hgfadapter-d00-v05_1day_2021072812.0012-0228.nc
Processing /p/scratch/cesmtst/patakchiyousefi1/FORECASTLEAD_CESMTST_SCRATCH/PF/DE05_HRES-COR/postpro/data/sss_DE05_ECMWF-HRES_forecast_r1i1p2_FZJ-IBG3-ParFlowCLM380_hgfadapter-d00-v05_1day_2021072912.0012-0228.nc
Processing /p/scratch/cesmtst/patakchiyousefi1/FORECASTLEAD_CESMTST_SCRATCH/PF/DE05_HRES-COR/postpro/data/sss_DE05_ECMWF-HRES_forecast_r1i1p2_FZJ-IBG3-ParFlowCLM380_hgfadapter-d00-v05_1day_2021073012.0012-0228.nc
Processing /p/scratch/cesmtst/patakchiyousefi1/FORECASTLEAD_CESMTST_SCRATCH/PF/DE05_HRES-COR/postpro/data/sss_DE05_ECMWF-HRES_forecast_r1i1p2_FZJ-IBG3-ParFlowCLM380_hgfadapter-d00-v05_1day_2021073112.0012-0228.nc
Processing /p/scratch/cesmtst/patakchiyousefi1/FORECASTLEAD_CESMTST_SCRATCH/PF/DE05_HRES-COR/postpro/data/sss_DE05_ECMWF-HRES_forecast_r1i1p2_FZJ-IBG3-ParFlowCLM380_hgfadapter-d00-v05_1day_2021080112.0012-0228.nc
Processing /p/scratch/cesmtst/patakchiyousefi1/FORECASTLEAD_CESMTST_SCRATCH/PF/DE05_HRES-COR/postpro/data/sss_DE05_ECMWF-HRES_forecast_r1i1p2_FZJ-IBG3-ParFlowCLM380_hgfadapter-d00-v05_1day_2021080212.0012-0228.nc
Processing /p/scratch/cesmtst/patakchiyousefi1/FORECASTLEAD_CESMTST_SCRATCH/PF/DE05_HRES-COR/postpro/data/sss_DE05_ECMWF-HRES_forecast_r1i1p2_FZJ-IBG3-ParFlowCLM380_hgfadapter-d00-v05_1day_2021080312.0012-0228.nc
Processing /p/scratch/cesmtst/patakchiyousefi1/FORECASTLEAD_CESMTST_SCRATCH/PF/DE05_HRES-COR/postpro/data/sss_DE05_ECMWF-HRES_forecast_r1i1p2_FZJ-IBG3-ParFlowCLM380_hgfadapter-d00-v05_1day_2021080412.0012-0228.nc
Processing /p/scratch/cesmtst/patakchiyousefi1/FORECASTLEAD_CESMTST_SCRATCH/PF/DE05_HRES-COR/postpro/data/sss_DE05_ECMWF-HRES_forecast_r1i1p2_FZJ-IBG3-ParFlowCLM380_hgfadapter-d00-v05_1day_2021080512.0012-0228.nc
Processing /p/scratch/cesmtst/patakchiyousefi1/FORECASTLEAD_CESMTST_SCRATCH/PF/DE05_HRES-COR/postpro/data/sss_DE05_ECMWF-HRES_forecast_r1i1p2_FZJ-IBG3-ParFlowCLM380_hgfadapter-d00-v05_1day_2021080612.0012-0228.nc
Processing /p/scratch/cesmtst/patakchiyousefi1/FORECASTLEAD_CESMTST_SCRATCH/PF/DE05_HRES-COR/postpro/data/sss_DE05_ECMWF-HRES_forecast_r1i1p2_FZJ-IBG3-ParFlowCLM380_hgfadapter-d00-v05_1day_2021080712.0012-0228.nc
Processing /p/scratch/cesmtst/patakchiyousefi1/FORECASTLEAD_CESMTST_SCRATCH/PF/DE05_HRES-COR/postpro/data/sss_DE05_ECMWF-HRES_forecast_r1i1p2_FZJ-IBG3-ParFlowCLM380_hgfadapter-d00-v05_1day_2021080812.0012-0228.nc
Processing /p/scratch/cesmtst/patakchiyousefi1/FORECASTLEAD_CESMTST_SCRATCH/PF/DE05_HRES-COR/postpro/data/sss_DE05_ECMWF-HRES_forecast_r1i1p2_FZJ-IBG3-ParFlowCLM380_hgfadapter-d00-v05_1day_2021080912.0012-0228.nc
Processing /p/scratch/cesmtst/patakchiyousefi1/FORECASTLEAD_CESMTST_SCRATCH/PF/DE05_HRES-COR/postpro/data/sss_DE05_ECMWF-HRES_forecast_r1i1p2_FZJ-IBG3-ParFlowCLM380_hgfadapter-d00-v05_1day_2021081012.0012-0228.nc
Processing /p/scratch/cesmtst/patakchiyousefi1/FORECASTLEAD_CESMTST_SCRATCH/PF/DE05_HRES-COR/postpro/data/sss_DE05_ECMWF-HRES_forecast_r1i1p2_FZJ-IBG3-ParFlowCLM380_hgfadapter-d00-v05_1day_2021081112.0012-0228.nc
Processing /p/scratch/cesmtst/patakchiyousefi1/FORECASTLEAD_CESMTST_SCRATCH/PF/DE05_HRES-COR/postpro/data/sss_DE05_ECMWF-HRES_forecast_r1i1p2_FZJ-IBG3-ParFlowCLM380_hgfadapter-d00-v05_1day_2021081212.0012-0228.nc
Saved: /p/scratch/cesmtst/patakchiyousefi1/FORECASTLEAD_CESMTST_SCRATCH/PF/DE05_HRES-COR/postpro/data/sss_HRES_C_leadtime_2.nc
Saved: /p/scratch/cesmtst/patakchiyousefi1/FORECASTLEAD_CESMTST_SCRATCH/PF/DE05_HRES-COR/postpro/data/sss_HRES_C_leadtime_3.nc
Saved: /p/scratch/cesmtst/patakchiyousefi1/FORECASTLEAD_CESMTST_SCRATCH/PF/DE05_HRES-COR/postpro/data/sss_HRES_C_leadtime_4.nc
Saved: /p/scratch/cesmtst/patakchiyousefi1/FORECASTLEAD_CESMTST_SCRATCH/PF/DE05_HRES-COR/postpro/data/sss_HRES_C_leadtime_5.nc
Saved: /p/scratch/cesmtst/patakchiyousefi1/FORECASTLEAD_CESMTST_SCRATCH/PF/DE05_HRES-COR/postpro/data/sss_HRES_C_leadtime_6.nc
Saved: /p/scratch/cesmtst/patakchiyousefi1/FORECASTLEAD_CESMTST_SCRATCH/PF/DE05_HRES-COR/postpro/data/sss_HRES_C_leadtime_7.nc
Saved: /p/scratch/cesmtst/patakchiyousefi1/FORECASTLEAD_CESMTST_SCRATCH/PF/DE05_HRES-COR/postpro/data/sss_HRES_C_leadtime_8.nc
Saved: /p/scratch/cesmtst/patakchiyousefi1/FORECASTLEAD_CESMTST_SCRATCH/PF/DE05_HRES-COR/postpro/data/sss_HRES_C_leadtime_9.nc
Saved: /p/scratch/cesmtst/patakchiyousefi1/FORECASTLEAD_CESMTST_SCRATCH/PF/DE05_HRES-COR/postpro/data/sss_HRES_C_leadtime_10.nc
sss_HRES finished.
SLURM JOB COMPLETED: Mon Apr 21 05:49:21 PM CEST 2025
